[0m01:12:01.574093 [debug] [MainThread]: Sending event: {'category': 'dbt', 'action': 'invocation', 'label': 'start', 'context': [<snowplow_tracker.self_describing_json.SelfDescribingJson object at 0x000002ABC5930D50>, <snowplow_tracker.self_describing_json.SelfDescribingJson object at 0x000002ABCA5C1E10>, <snowplow_tracker.self_describing_json.SelfDescribingJson object at 0x000002ABCA5C3550>]}


============================== 01:12:01.577618 | 78816de8-18b8-492e-975b-568f7e2ce06a ==============================
[0m01:12:01.577618 [info ] [MainThread]: Running with dbt=1.12.3
[0m01:12:01.577618 [debug] [MainThread]: running dbt with arguments {'maximum_seed_size_mib': '1', 'no_print': 'None', 'version_check': 'True', 'target_path': 'None', 'warn_error_options': 'WarnErrorOptionsV2(error=[], warn=[], silence=[])', 'static_parser': 'True', 'printer_width': '80', 'write_json': 'True', 'empty': 'False', 'log_cache_events': 'False', 'introspect': 'True', 'cache_selected_only': 'False', 'log_format': 'default', 'debug': 'False', 'fail_fast': 'False', 'profiles_dir': 'C:\\Users\\eduar\\.dbt', 'send_anonymous_usage_stats': 'True', 'quiet': 'False', 'warn_error': 'None', 'partial_parse': 'True', 'invocation_command': 'dbt run', 'hints_enabled': 'True', 'use_colors': 'True', 'use_experimental_parser': 'False', 'indirect_selection': 'eager', 'log_path': 'logs'}
[0m01:12:01.580731 [error] [MainThread]: [[31mERROR[0m]: Encountered an error:
Runtime Error
  No dbt_project.yml found at expected path C:\Users\eduar\Desktop\DataHusky\pry_spotify_conver\dbt_project.yml
  Verify that each entry within packages.yml (and their transitive dependencies) contains a file named dbt_project.yml
  
[0m01:12:01.581725 [debug] [MainThread]: Command `dbt run` failed at 01:12:01.581725 after 0.07 seconds
[0m01:12:01.581725 [debug] [MainThread]: Sending event: {'category': 'dbt', 'action': 'invocation', 'label': 'end', 'context': [<snowplow_tracker.self_describing_json.SelfDescribingJson object at 0x000002ABCA5E26D0>, <snowplow_tracker.self_describing_json.SelfDescribingJson object at 0x000002ABCA4F9D10>, <snowplow_tracker.self_describing_json.SelfDescribingJson object at 0x000002ABCA4FBFD0>]}
[0m01:12:01.581725 [debug] [MainThread]: Flushing usage events
[0m01:12:02.697731 [debug] [MainThread]: An error was encountered while trying to flush usage events
[0m01:13:16.071951 [debug] [MainThread]: Sending event: {'category': 'dbt', 'action': 'invocation', 'label': 'start', 'context': [<snowplow_tracker.self_describing_json.SelfDescribingJson object at 0x0000022DF30A8FD0>, <snowplow_tracker.self_describing_json.SelfDescribingJson object at 0x0000022DF31645D0>, <snowplow_tracker.self_describing_json.SelfDescribingJson object at 0x0000022DF3164AD0>]}


============================== 01:13:16.071951 | cfa8dfb9-215a-4410-8791-170cdc302808 ==============================
[0m01:13:16.071951 [info ] [MainThread]: Running with dbt=1.12.3
[0m01:13:16.071951 [debug] [MainThread]: running dbt with arguments {'static_parser': 'True', 'no_print': 'None', 'version_check': 'True', 'warn_error_options': 'WarnErrorOptionsV2(error=[], warn=[], silence=[])', 'target_path': 'None', 'maximum_seed_size_mib': '1', 'printer_width': '80', 'write_json': 'True', 'introspect': 'True', 'log_cache_events': 'False', 'empty': 'False', 'cache_selected_only': 'False', 'fail_fast': 'False', 'debug': 'False', 'log_format': 'default', 'profiles_dir': 'C:\\Users\\eduar\\.dbt', 'send_anonymous_usage_stats': 'True', 'quiet': 'False', 'warn_error': 'None', 'partial_parse': 'True', 'use_colors': 'True', 'hints_enabled': 'True', 'indirect_selection': 'eager', 'use_experimental_parser': 'False', 'invocation_command': 'dbt run --select stg_spotify_charts', 'log_path': 'logs'}
[0m01:13:16.071951 [error] [MainThread]: [[31mERROR[0m]: Encountered an error:
Runtime Error
  No dbt_project.yml found at expected path C:\Users\eduar\Desktop\DataHusky\pry_spotify_conver\dbt_project.yml
  Verify that each entry within packages.yml (and their transitive dependencies) contains a file named dbt_project.yml
  
[0m01:13:16.071951 [debug] [MainThread]: Command `dbt run` failed at 01:13:16.071951 after 0.07 seconds
[0m01:13:16.071951 [debug] [MainThread]: Sending event: {'category': 'dbt', 'action': 'invocation', 'label': 'end', 'context': [<snowplow_tracker.self_describing_json.SelfDescribingJson object at 0x0000022DF30ABED0>, <snowplow_tracker.self_describing_json.SelfDescribingJson object at 0x0000022DF30ABF90>, <snowplow_tracker.self_describing_json.SelfDescribingJson object at 0x0000022DF30ABF50>]}
[0m01:13:16.071951 [debug] [MainThread]: Flushing usage events
[0m01:13:17.667332 [debug] [MainThread]: An error was encountered while trying to flush usage events
